<html>
<body>
<pre>
<h1>礦ision Build Log</h1>
<h2>Tool Versions:</h2>
IDE-Version: μVision V5.14.0.0
Copyright (C) 2015 ARM Ltd and ARM Germany GmbH. All rights reserved.
License Information: safd sherry, sdaf, LIC=50DY8-3M3LJ-48HFA-14921-U6XJQ-RWQ0D
 
Tool Versions:
Toolchain:       MDK-ARM Professional  Version: 5.14.0.0
Toolchain Path:  E:\software_installed_for_work\MDK5\ARM\ARMCC\Bin
C Compiler:      Armcc.exe V5.05 update 1 (build 106)
Assembler:       Armasm.exe V5.05 update 1 (build 106)
Linker/Locator:  ArmLink.exe V5.05 update 1 (build 106)
Library Manager: ArmAr.exe V5.05 update 1 (build 106)
Hex Converter:   FromElf.exe V5.05 update 1 (build 106)
CPU DLL:         SARMCM3.DLL V5.14.0.0
Dialog DLL:      DCM.DLL V1.13.1.0
Target DLL:      STLink\ST-LINKIII-KEIL_SWO.dll V2.0.14.0_KEIL
Dialog DLL:      TCM.DLL V1.14.4.0
 
<h2>Project:</h2>
F:\3 - 实验室项目\风洞测量\单片机阶段性程序\霍尔模块测扑动频率&自主控制频率\测扑动频率&自主控制频率\USER\TIMER.uvprojx
Project File Date:  11/06/2019

<h2>Output:</h2>
Build target 'TIMER'
compiling main.c...
linking...
Program Size: Code=16568 RO-data=600 RW-data=72 ZI-data=1832  
FromELF: creating hex file...
"..\OBJ\TIMER.axf" - 0 Error(s), 0 Warning(s).

<h2>Collection of Component include folders:</h2>
  F:\3 - 实验室项目\风洞测量\单片机阶段性程序\霍尔模块测扑动频率&自主控制频率\测扑动频率&自主控制频率\USER\RTE
  E:\software_installed_for_work\MDK5\ARM\PACK\Keil\STM32F4xx_DFP\1.0.8\Device\Include

<h2>Collection of Component Files used:</h2>
</pre>
</body>
</html>
